jejeffrei@Jeffrei:~$ sudo su
[sudo] password for jeffrei: 
root@Jeffrei:/home/jeffrei# apt-get upgrade
Reading package lists... Done
Building dependency tree       
Reading state information... Done
0 upgraded, 0 newly installed, 0 to remove and 0 not upgraded.
root@Jeffrei:/home/jeffrei# apt-get update
Hit http://br.archive.ubuntu.com precise Release.gpg
Get:1 http://br.archive.ubuntu.com precise-updates Release.gpg [198 B]         
Hit http://br.archive.ubuntu.com precise-backports Release.gpg                 
Hit http://br.archive.ubuntu.com precise Release                               
Get:2 http://br.archive.ubuntu.com precise-updates Release [196 kB]            
Get:3 http://ppa.launchpad.net precise Release.gpg [316 B]                     
Get:4 http://security.ubuntu.com precise-security Release.gpg [198 B]          
Hit http://br.archive.ubuntu.com precise-backports Release                     
Hit http://br.archive.ubuntu.com precise/main Sources                          
Hit http://br.archive.ubuntu.com precise/restricted Sources                    
Hit http://br.archive.ubuntu.com precise/universe Sources                      
Hit http://br.archive.ubuntu.com precise/multiverse Sources                    
Hit http://br.archive.ubuntu.com precise/main i386 Packages                    
Hit http://br.archive.ubuntu.com precise/restricted i386 Packages              
Hit http://extras.ubuntu.com precise Release.gpg                               
Hit http://br.archive.ubuntu.com precise/universe i386 Packages                
Hit http://br.archive.ubuntu.com precise/multiverse i386 Packages              
Hit http://br.archive.ubuntu.com precise/main TranslationIndex                 
Hit http://br.archive.ubuntu.com precise/multiverse TranslationIndex           
Hit http://br.archive.ubuntu.com precise/restricted TranslationIndex           
Hit http://br.archive.ubuntu.com precise/universe TranslationIndex             
Get:5 http://br.archive.ubuntu.com precise-updates/main Sources [491 kB]       
Get:6 http://security.ubuntu.com precise-security Release [54,3 kB]            
Get:7 http://ppa.launchpad.net precise Release [13,0 kB]                       
Hit http://extras.ubuntu.com precise Release                                   
Hit http://extras.ubuntu.com precise/main Sources                              
Get:8 http://ppa.launchpad.net precise/main Sources [1.583 B]                  
Hit http://extras.ubuntu.com precise/main i386 Packages                        
Get:9 http://br.archive.ubuntu.com precise-updates/restricted Sources [7.981 B]
Get:10 http://ppa.launchpad.net precise/main i386 Packages [3.387 B]           
Get:11 http://br.archive.ubuntu.com precise-updates/universe Sources [122 kB]  
Get:12 http://br.archive.ubuntu.com precise-updates/multiverse Sources [9.714 B]
Ign http://extras.ubuntu.com precise/main TranslationIndex                     
Get:13 http://br.archive.ubuntu.com precise-updates/main i386 Packages [977 kB]
Get:14 http://ppa.launchpad.net precise/main TranslationIndex [199 B]          
Get:15 http://ppa.launchpad.net precise/main Translation-en [1.556 B]          
Get:16 http://br.archive.ubuntu.com precise-updates/restricted i386 Packages [13,6 kB]
Get:17 http://br.archive.ubuntu.com precise-updates/universe i386 Packages [278 kB]
Get:18 http://security.ubuntu.com precise-security/main Sources [133 kB]       
Get:19 http://br.archive.ubuntu.com precise-updates/multiverse i386 Packages [16,7 kB]
Get:20 http://br.archive.ubuntu.com precise-updates/main TranslationIndex [10,6 kB]
Get:21 http://br.archive.ubuntu.com precise-updates/multiverse TranslationIndex [7.613 B]
Get:22 http://br.archive.ubuntu.com precise-updates/restricted TranslationIndex [7.297 B]
Get:23 http://br.archive.ubuntu.com precise-updates/universe TranslationIndex [8.333 B]
Hit http://br.archive.ubuntu.com precise-backports/main Sources                
Hit http://br.archive.ubuntu.com precise-backports/restricted Sources          
Hit http://br.archive.ubuntu.com precise-backports/universe Sources            
Hit http://br.archive.ubuntu.com precise-backports/multiverse Sources          
Hit http://br.archive.ubuntu.com precise-backports/main i386 Packages          
Hit http://br.archive.ubuntu.com precise-backports/restricted i386 Packages    
Hit http://br.archive.ubuntu.com precise-backports/universe i386 Packages      
Hit http://br.archive.ubuntu.com precise-backports/multiverse i386 Packages    
Hit http://br.archive.ubuntu.com precise-backports/main TranslationIndex       
Hit http://br.archive.ubuntu.com precise-backports/multiverse TranslationIndex 
Hit http://br.archive.ubuntu.com precise-backports/restricted TranslationIndex 
Hit http://br.archive.ubuntu.com precise-backports/universe TranslationIndex   
Hit http://br.archive.ubuntu.com precise/main Translation-en                   
Hit http://br.archive.ubuntu.com precise/main Translation-pt                   
Hit http://br.archive.ubuntu.com precise/multiverse Translation-en             
Hit http://br.archive.ubuntu.com precise/multiverse Translation-pt             
Hit http://br.archive.ubuntu.com precise/restricted Translation-en             
Hit http://br.archive.ubuntu.com precise/restricted Translation-pt             
Hit http://br.archive.ubuntu.com precise/universe Translation-en               
Hit http://br.archive.ubuntu.com precise/universe Translation-pt               
Hit http://br.archive.ubuntu.com precise-updates/main Translation-en           
Hit http://br.archive.ubuntu.com precise-updates/main Translation-pt           
Hit http://br.archive.ubuntu.com precise-updates/multiverse Translation-en     
Hit http://br.archive.ubuntu.com precise-updates/multiverse Translation-pt     
Hit http://br.archive.ubuntu.com precise-updates/restricted Translation-en     
Hit http://br.archive.ubuntu.com precise-updates/restricted Translation-pt     
Hit http://br.archive.ubuntu.com precise-updates/universe Translation-en       
Hit http://br.archive.ubuntu.com precise-updates/universe Translation-pt       
Hit http://br.archive.ubuntu.com precise-backports/main Translation-en         
Hit http://br.archive.ubuntu.com precise-backports/multiverse Translation-en   
Hit http://br.archive.ubuntu.com precise-backports/restricted Translation-en   
Hit http://br.archive.ubuntu.com precise-backports/universe Translation-en     
Ign http://extras.ubuntu.com precise/main Translation-en_US                    
Ign http://extras.ubuntu.com precise/main Translation-en                       
Get:24 http://security.ubuntu.com precise-security/restricted Sources [3.759 B]
Ign http://extras.ubuntu.com precise/main Translation-pt                       
Get:25 http://dl.google.com stable Release.gpg [198 B]                         
Get:26 http://security.ubuntu.com precise-security/universe Sources [43,8 kB]
Get:27 http://dl.google.com stable Release [1.347 B]                         
Get:28 http://dl.google.com stable/main i386 Packages [1.188 B]                
Ign http://dl.google.com stable/main TranslationIndex                          
Get:29 http://security.ubuntu.com precise-security/multiverse Sources [2.199 B]
Get:30 http://security.ubuntu.com precise-security/main i386 Packages [587 kB] 
Get:31 http://security.ubuntu.com precise-security/restricted i386 Packages [8.939 B]
Get:32 http://security.ubuntu.com precise-security/universe i386 Packages [132 kB]
Ign http://dl.google.com stable/main Translation-en_US                         
Ign http://dl.google.com stable/main Translation-en                            
Ign http://dl.google.com stable/main Translation-pt                            
Get:33 http://security.ubuntu.com precise-security/multiverse i386 Packages [2.864 B]
Get:34 http://security.ubuntu.com precise-security/main TranslationIndex [208 B]
Get:35 http://security.ubuntu.com precise-security/multiverse TranslationIndex [199 B]
Get:36 http://security.ubuntu.com precise-security/restricted TranslationIndex [202 B]
Get:37 http://security.ubuntu.com precise-security/universe TranslationIndex [205 B]
Hit http://security.ubuntu.com precise-security/main Translation-en            
Hit http://security.ubuntu.com precise-security/multiverse Translation-en      
Hit http://security.ubuntu.com precise-security/restricted Translation-en      
Hit http://security.ubuntu.com precise-security/universe Translation-en        
Fetched 3.136 kB in 12s (259 kB/s)                                             
Reading package lists... Done
root@Jeffrei:/home/jeffrei# apt-get install git
Reading package lists... Done
Building dependency tree       
Reading state information... Done
The following extra packages will be installed:
  git-man liberror-perl
Suggested packages:
  git-daemon-run git-daemon-sysvinit git-doc git-el git-arch git-cvs git-svn
  git-email git-gui gitk gitweb
The following NEW packages will be installed:
  git git-man liberror-perl
0 upgraded, 3 newly installed, 0 to remove and 2 not upgraded.
Need to get 6.644 kB of archives.
After this operation, 15,2 MB of additional disk space will be used.
Do you want to continue [Y/n]? y
Get:1 http://br.archive.ubuntu.com/ubuntu/ precise/main liberror-perl all 0.17-1 [23,8 kB]
Get:2 http://br.archive.ubuntu.com/ubuntu/ precise-updates/main git-man all 1:1.7.9.5-1ubuntu0.1 [631 kB]
Get:3 http://br.archive.ubuntu.com/ubuntu/ precise-updates/main git i386 1:1.7.9.5-1ubuntu0.1 [5.990 kB]
Fetched 6.644 kB in 6s (1.032 kB/s)                                            
Selecting previously unselected package liberror-perl.
(Reading database ... 188136 files and directories currently installed.)
Unpacking liberror-perl (from .../liberror-perl_0.17-1_all.deb) ...
Selecting previously unselected package git-man.
Unpacking git-man (from .../git-man_1%3a1.7.9.5-1ubuntu0.1_all.deb) ...
Selecting previously unselected package git.
Unpacking git (from .../git_1%3a1.7.9.5-1ubuntu0.1_i386.deb) ...
Processing triggers for man-db ...
Setting up liberror-perl (0.17-1) ...
Setting up git-man (1:1.7.9.5-1ubuntu0.1) ...
Setting up git (1:1.7.9.5-1ubuntu0.1) ...
root@Jeffrei:/home/jeffrei# git -versoin
Unknown option: -versoin
usage: git [--version] [--exec-path[=<path>]] [--html-path] [--man-path] [--info-path]
           [-p|--paginate|--no-pager] [--no-replace-objects] [--bare]
           [--git-dir=<path>] [--work-tree=<path>] [--namespace=<name>]
           [-c name=value] [--help]
           <command> [<args>]
root@Jeffrei:/home/jeffrei# git --versoin
Unknown option: --versoin
usage: git [--version] [--exec-path[=<path>]] [--html-path] [--man-path] [--info-path]
           [-p|--paginate|--no-pager] [--no-replace-objects] [--bare]
           [--git-dir=<path>] [--work-tree=<path>] [--namespace=<name>]
           [-c name=value] [--help]
           <command> [<args>]
root@Jeffrei:/home/jeffrei# git --version
git version 1.7.9.5
root@Jeffrei:/home/jeffrei# gedit

(gedit:5518): GLib-GIO-WARNING **: Missing callback called fullpath = /root/.local/share/recently-used.xbel

root@Jeffrei:/home/jeffrei# apt-get install drobox
Reading package lists... Done
Building dependency tree       
Reading state information... Done
E: Unable to locate package drobox
root@Jeffrei:/home/jeffrei# git init
Initialized empty Git repository in /home/jeffrei/.git/
root@Jeffrei:/home/jeffrei# git init Projeto_Script
Initialized empty Git repository in /home/jeffrei/Projeto_Script/.git/
root@Jeffrei:/home/jeffrei# ls -a
ls: cannot access .gvfs: Permission denied
.                 .gnome2_private        .macromedia
..                .goutputstream-30QUVX  .mission-control
.adobe            .goutputstream-385PWX  .mozilla
Área de Trabalho  .goutputstream-3ARNWX  Music
.bash_history     .goutputstream-3ZQ8VX  oracle
.bash_logout      .goutputstream-8BNK2X  Pictures
.bashrc           .goutputstream-D3NEXX  .pki
.cache            .goutputstream-H2QQWX  .Private
.config           .goutputstream-LA9MVX  .profile
.dbus             .goutputstream-NFB1WX  Projeto_Script
Desktop           .goutputstream-NO9DVX  Public
Documentos        .goutputstream-R4YU2X  .pulse
Documents         .goutputstream-UOEGYX  .pulse-cookie
Downloads         .goutputstream-Y09RWX  Templates
.ecryptfs         .goutputstream-Y40HVX  .thumbnails
examples.desktop  .gstreamer-0.10        Videos
.fontconfig       .gtk-bookmarks         .Xauthority
.gconf            .gvfs                  .xsession-errors
.git              .ICEauthority          .xsession-errors.old
.gnome            Imagens
.gnome2           .local
root@Jeffrei:/home/jeffrei# cd P
Pictures/       Projeto_Script/ Public/         
root@Jeffrei:/home/jeffrei# cd Projeto_Script/
root@Jeffrei:/home/jeffrei/Projeto_Script# ls -a
.  ..  .git
root@Jeffrei:/home/jeffrei/Projeto_Script# ssh-keygen -t rsa
Generating public/private rsa key pair.
Enter file in which to save the key (/root/.ssh/id_rsa): /home/jeffrei/^[[3~^[[3 
Created directory '/root/.ssh'.
Enter passphrase (empty for no passphrase): 
Enter same passphrase again: 
passphrase too short: have 1 bytes, need > 4
Saving the key failed: /root/.ssh/id_rsa.
root@Jeffrei:/home/jeffrei/Projeto_Script# ssh-keygen -t rsa
Generating public/private rsa key pair.
Enter file in which to save the key (/root/.ssh/id_rsa): ^C
root@Jeffrei:/home/jeffrei/Projeto_Script# exit
exit
jeffrei@Jeffrei:~$ cd /home/jeffrei/Projeto_Script/
jeffrei@Jeffrei:~/Projeto_Script$ ssh-keygen -t rsa
Generating public/private rsa key pair.
Enter file in which to save the key (/home/jeffrei/.ssh/id_rsa): 
Created directory '/home/jeffrei/.ssh'.
Enter passphrase (empty for no passphrase): 
Enter same passphrase again: 
Your identification has been saved in /home/jeffrei/.ssh/id_rsa.
Your public key has been saved in /home/jeffrei/.ssh/id_rsa.pub.
The key fingerprint is:
08:98:c3:d3:5f:20:c8:f5:2b:72:a4:6e:96:52:e1:ae jeffrei@Jeffrei
The key's randomart image is:
+--[ RSA 2048]----+
| . oo .          |
| .o+ o .         |
|  B + . .        |
| . * o +         |
|  = o + S        |
| + + .           |
|. *              |
| =               |
|E                |
+-----------------+
jeffrei@Jeffrei:~/Projeto_Script$ ls -a
.  ..  .git
jeffrei@Jeffrei:~/Projeto_Script$ ssh-keygen -t rsa
Generating public/private rsa key pair.
Enter file in which to save the key (/home/jeffrei/.ssh/id_rsa): Projeto_Jeff
Enter passphrase (empty for no passphrase): 
Enter same passphrase again: 
open Projeto_Jeff failed: Permission denied.
Saving the key failed: Projeto_Jeff.
jeffrei@Jeffrei:~/Projeto_Script$ ls -a
.  ..  .git
jeffrei@Jeffrei:~/Projeto_Script$ cd ..
jeffrei@Jeffrei:~$ ls -a
.                 .gnome2_private        .macromedia
..                .goutputstream-30QUVX  .mission-control
.adobe            .goutputstream-385PWX  .mozilla
Área de Trabalho  .goutputstream-3ARNWX  Music
.bash_history     .goutputstream-3ZQ8VX  oracle
.bash_logout      .goutputstream-8BNK2X  Pictures
.bashrc           .goutputstream-D3NEXX  .pki
.cache            .goutputstream-H2QQWX  .Private
.config           .goutputstream-LA9MVX  .profile
.dbus             .goutputstream-NFB1WX  Projeto_Script
Desktop           .goutputstream-NO9DVX  Public
Documentos        .goutputstream-R4YU2X  .pulse
Documents         .goutputstream-UOEGYX  .pulse-cookie
Downloads         .goutputstream-Y09RWX  .ssh
.ecryptfs         .goutputstream-Y40HVX  Templates
examples.desktop  .gstreamer-0.10        .thumbnails
.fontconfig       .gtk-bookmarks         Videos
.gconf            .gvfs                  .Xauthority
.git              .ICEauthority          .xsession-errors
.gnome            Imagens                .xsession-errors.old
.gnome2           .local
jeffrei@Jeffrei:~$ .ssh/ mv chave_projeto_jeff.ssh
bash: .ssh/: Is a directory
jeffrei@Jeffrei:~$ .ssh/ mv chave_projeto_jeff
bash: .ssh/: Is a directory
jeffrei@Jeffrei:~$ cd .ssh/
jeffrei@Jeffrei:~/.ssh$ ls
id_rsa  id_rsa.pub
jeffrei@Jeffrei:~/.ssh$ gedit id_rsa
jeffrei@Jeffrei:~/.ssh$ gedit id_rsa.pub 
jeffrei@Jeffrei:~/.ssh$ gedit id_rsa.pub 
jeffrei@Jeffrei:~/.ssh$ git clone ssh-rsa git@github.com:JeffreiToledo/Jeff_Script.git
fatal: repository 'ssh-rsa' does not exist
jeffrei@Jeffrei:~/.ssh$ cd /home/jeffrei/Projeto_Script/
jeffrei@Jeffrei:~/Projeto_Script$ git clone ssh-rsa git@github.com:JeffreiToledo/Jeff_Script.git
fatal: repository 'ssh-rsa' does not exist
jeffrei@Jeffrei:~/Projeto_Script$ cd..
cd..: command not found
jeffrei@Jeffrei:~/Projeto_Script$ cd ..
jeffrei@Jeffrei:~$ git clone ssh-rsa git@github.com:JeffreiToledo/Jeff_Script.git
fatal: repository 'ssh-rsa' does not exist
jeffrei@Jeffrei:~$ cd ..
jeffrei@Jeffrei:/home$ cd jeffrei/
jeffrei@Jeffrei:~$ sudo chmod a+x -R Projeto_Script/
[sudo] password for jeffrei: 
jeffrei@Jeffrei:~$ cd /home/
jeffrei@Jeffrei:/home$ cd jeffrei/
jeffrei@Jeffrei:~$ ls -l
total 72
drwxr-xr-x 2 jeffrei jeffrei 4096 Mar 13 20:05 Área de Trabalho
drwxr-xr-x 2 jeffrei jeffrei 4096 Abr 13 09:36 Desktop
drwxr-xr-x 4 jeffrei jeffrei 4096 Ago  6 07:25 Documentos
drwxr-xr-x 2 jeffrei jeffrei 4096 Abr 13 21:37 Documents
drwxr-xr-x 7 jeffrei jeffrei 4096 Ago  6 07:37 Downloads
-rw-r--r-- 1 jeffrei jeffrei 8445 Mar 10 05:09 examples.desktop
drwxr-xr-x 2 jeffrei jeffrei 4096 Abr  4 16:42 Imagens
drwxr-xr-x 2 jeffrei jeffrei 4096 Abr  5 21:05 Music
drwxrwxr-x 3 jeffrei jeffrei 4096 Abr 16 07:03 oracle
drwxr-xr-x 2 jeffrei jeffrei 4096 Abr 13 21:14 Pictures
drwxr-xr-x 3 root    root    4096 Ago  6 07:46 Projeto_Script
drwxr-xr-x 2 jeffrei jeffrei 4096 Abr  5 21:05 Public
drwxr-xr-x 2 jeffrei jeffrei 4096 Abr  5 21:05 Templates
drwxr-xr-x 2 jeffrei jeffrei 4096 Abr  5 21:05 Videos
jeffrei@Jeffrei:~$ sudo su
root@Jeffrei:/home/jeffrei# rm Projeto_Script/
rm: cannot remove `Projeto_Script/': Is a directory
root@Jeffrei:/home/jeffrei# mv Projeto_Script/ /home/jeffrei/Projeto_Script2
root@Jeffrei:/home/jeffrei# ls
Área de Trabalho  Documentos  Downloads         Imagens  oracle    Projeto_Script2  Templates
Desktop           Documents   examples.desktop  Music    Pictures  Public           Videos
root@Jeffrei:/home/jeffrei# exit
exit
jeffrei@Jeffrei:~$ git init /home/jeffrei/Projeto_Script
Initialized empty Git repository in /home/jeffrei/Projeto_Script/.git/
jeffrei@Jeffrei:~$ ls
Área de Trabalho  Documentos  Downloads         Imagens  oracle    Projeto_Script   Public     Videos
Desktop           Documents   examples.desktop  Music    Pictures  Projeto_Script2  Templates
jeffrei@Jeffrei:~$ cd Projeto_Script
jeffrei@Jeffrei:~/Projeto_Script$ ls
jeffrei@Jeffrei:~/Projeto_Script$ ls -a
.  ..  .git
jeffrei@Jeffrei:~/Projeto_Script$ ssh-keygen -t rsa
Generating public/private rsa key pair.
Enter file in which to save the key (/home/jeffrei/.ssh/id_rsa): 
/home/jeffrei/.ssh/id_rsa already exists.
Overwrite (y/n)? y
Enter passphrase (empty for no passphrase): 
Enter same passphrase again: 
Your identification has been saved in /home/jeffrei/.ssh/id_rsa.
Your public key has been saved in /home/jeffrei/.ssh/id_rsa.pub.
The key fingerprint is:
e1:68:d3:bf:c8:f8:8a:a4:22:b9:1b:65:c1:3e:9b:d1 jeffrei@Jeffrei
The key's randomart image is:
+--[ RSA 2048]----+
|                 |
| .               |
|  o     .        |
| . o   + .       |
|  * E + S        |
| o = . . .       |
|..o .     .      |
|+. o . o . .     |
|++. . oo+ .      |
+-----------------+
jeffrei@Jeffrei:~/Projeto_Script$ ls
jeffrei@Jeffrei:~/Projeto_Script$ ls -a
.  ..  .git
jeffrei@Jeffrei:~/Projeto_Script$ cd ..
jeffrei@Jeffrei:~$ cd .ssh/
jeffrei@Jeffrei:~/.ssh$ cat id_rsa.pub 
ssh-rsa AAAAB3NzaC1yc2EAAAADAQABAAABAQDYW/NXgjKyex4vJNuSnEK/xhWX0wH1B8rDO+LljuickuVpNGKVUYV3jtbWnMLlLqVSsgq/eKa25Le+2MI0sVxm+k2VBMNDE11aLP4p3p7s30r2FxnPDRIc9zjlwkhkaIlwCsP7lkM4Df0mxt6M0RLXoPTiIyNoakF7IBZfYItUXPC2BKSWnhxIrwCAb/Xz5epNkiE7jdoJwwrkaINNr8GGizvqASoMCNdcpyZq3RMQJXP0RBn327apHhgBLvqdu+PrOlLdsPeaxQoNeXCyqsUY/tFLKtHictjN4Kn9Dkou3BFC7bPxK9SSByIT/ovSSY4fAEz5g1gIhFkRHIT/FmQF jeffrei@Jeffrei
jeffrei@Jeffrei:~/.ssh$ cd /home/jeffrei/Projeto_Script
jeffrei@Jeffrei:~/Projeto_Script$ cd ..
jeffrei@Jeffrei:~$ ls
Área de Trabalho  Documentos  Downloads         Imagens  oracle    Projeto_Script   Public     Videos
Desktop           Documents   examples.desktop  Music    Pictures  Projeto_Script2  Templates
jeffrei@Jeffrei:~$ rm Projeto_Script
rm: cannot remove `Projeto_Script': Is a directory
jeffrei@Jeffrei:~$ rm -R Projeto_Script
jeffrei@Jeffrei:~$ ls
Área de Trabalho  Documentos  Downloads         Imagens  oracle    Projeto_Script2  Templates
Desktop           Documents   examples.desktop  Music    Pictures  Public           Videos
jeffrei@Jeffrei:~$ git clone ssh-rsa git@github.com:JeffreiToledo/Jeff_Script.git
fatal: repository 'ssh-rsa' does not exist
jeffrei@Jeffrei:~$ git clone git@github.com:JeffreiToledo/Jeff_Script.git
Cloning into 'Jeff_Script'...
^C
jeffrei@Jeffrei:~$ ^C
jeffrei@Jeffrei:~$ 

De noite

jeffrei@Jeffrei:~$ git clone git@github.com:JeffreiToledo/Jeff_Script.git
Cloning into 'Jeff_Script'...
The authenticity of host 'github.com (192.30.252.129)' can't be established.
RSA key fingerprint is 16:27:ac:a5:76:28:2d:36:63:1b:56:4d:eb:df:a6:48.
Are you sure you want to continue connecting (yes/no)? y
Please type 'yes' or 'no': yes
Warning: Permanently added 'github.com,192.30.252.129' (RSA) to the list of known hosts.
remote: Counting objects: 3, done.
remote: Compressing objects: 100% (2/2), done.
remote: Total 3 (delta 0), reused 0 (delta 0), pack-reused 0
Receiving objects: 100% (3/3), done.
jeffrei@Jeffrei:~$ cd Jeff_Script/
jeffrei@Jeffrei:~/Jeff_Script$ ls
jeffrei@Jeffrei:~/Jeff_Script$ ls -a
.  ..  .git  .gitignore
jeffrei@Jeffrei:~/Jeff_Script$ cat .git
.git/       .gitignore  
jeffrei@Jeffrei:~/Jeff_Script$ cat .git
.git/       .gitignore  
jeffrei@Jeffrei:~/Jeff_Script$ cat .gitignore 
# Byte-compiled / optimized / DLL files
__pycache__/
*.py[cod]

# C extensions
*.so

# Distribution / packaging
.Python
env/
build/
develop-eggs/
dist/
downloads/
eggs/
.eggs/
lib/
lib64/
parts/
sdist/
var/
*.egg-info/
.installed.cfg
*.egg

# PyInstaller
#  Usually these files are written by a python script from a template
#  before PyInstaller builds the exe, so as to inject date/other infos into it.
*.manifest
*.spec

# Installer logs
pip-log.txt
pip-delete-this-directory.txt

# Unit test / coverage reports
htmlcov/
.tox/
.coverage
.coverage.*
.cache
nosetests.xml
coverage.xml
*,cover

# Translations
*.mo
*.pot

# Django stuff:
*.log

# Sphinx documentation
docs/_build/

# PyBuilder
target/
jeffrei@Jeffrei:~/Jeff_Script$ git status
# On branch master
# Untracked files:
#   (use "git add <file>..." to include in what will be committed)
#
#	Comandos_06-08-2015
nothing added to commit but untracked files present (use "git add" to track)
jeffrei@Jeffrei:~/Jeff_Script$ git add*
git: 'add*' is not a git command. See 'git --help'.

Did you mean this?
	add
jeffrei@Jeffrei:~/Jeff_Script$ git add Comandos_06-08-2015
jeffrei@Jeffrei:~/Jeff_Script$ git commit -m "Primeiro commit"
[master 5f79120] Primeiro commit
 Committer: Jeffrei <jeffrei@Jeffrei.(none)>
Your name and email address were configured automatically based
on your username and hostname. Please check that they are accurate.
You can suppress this message by setting them explicitly:

    git config --global user.name "Your Name"
    git config --global user.email you@example.com

After doing this, you may fix the identity used for this commit with:

    git commit --amend --reset-author

 1 file changed, 378 insertions(+)
 create mode 100644 Comandos_06-08-2015
jeffrei@Jeffrei:~/Jeff_Script$ git config -global user.name "JeffreiToledo"
error: unknown switch `g'
usage: git config [options]

Config file location
    --global              use global config file
    --system              use system config file
    --local               use repository config file
    -f, --file <file>     use given config file

Action
    --get                 get value: name [value-regex]
    --get-all             get all values: key [value-regex]
    --get-regexp          get values for regexp: name-regex [value-regex]
    --replace-all         replace all matching variables: name value [value_regex]
    --add                 adds a new variable: name value
    --unset               removes a variable: name [value-regex]
    --unset-all           removes all matches: name [value-regex]
    --rename-section      rename section: old-name new-name
    --remove-section      remove a section: name
    -l, --list            list all
    -e, --edit            opens an editor
    --get-color <slot>    find the color configured: [default]
    --get-colorbool <slot>
                          find the color setting: [stdout-is-tty]

Type
    --bool                value is "true" or "false"
    --int                 value is decimal number
    --bool-or-int         value is --bool or --int
    --path                value is a path (file or directory name)

Other
    -z, --null            terminate values with NUL byte

jeffrei@Jeffrei:~/Jeff_Script$ git config --global user.name "JeffreiToledo"
jeffrei@Jeffrei:~/Jeff_Script$ git config --global user.email "jef_mor@hotmail.com"
jeffrei@Jeffrei:~/Jeff_Script$ git commit -m "Primeiro commit"# On branch master
# Your branch is ahead of 'origin/master' by 1 commit.
#
nothing to commit (working directory clean)
jeffrei@Jeffrei:~/Jeff_Script$ git status
# On branch master
# Your branch is ahead of 'origin/master' by 1 commit.
#
nothing to commit (working directory clean)
jeffrei@Jeffrei:~/Jeff_Script$ git push
Warning: Permanently added the RSA host key for IP address '192.30.252.130' to the list of known hosts.
Counting objects: 4, done.
Delta compression using up to 2 threads.
Compressing objects: 100% (3/3), done.
Writing objects: 100% (3/3), 4.15 KiB, done.
Total 3 (delta 0), reused 0 (delta 0)
To git@github.com:JeffreiToledo/Jeff_Script.git
   400586c..5f79120  master -> master
jeffrei@Jeffrei:~/Jeff_Script$ git status
# On branch master
nothing to commit (working directory clean)
jeffrei@Jeffrei:~/Jeff_Script$ 



